Info: Starting: Create block symbol file (.bsf)
Info: ip-generate --project-directory=C:/Users/Dell/Documents/my_APP5/SoC/TP/ --output-directory=C:/Users/Dell/Documents/my_APP5/SoC/TP/nios_system/ --report-file=bsf:C:/Users/Dell/Documents/my_APP5/SoC/TP/nios_system.bsf --system-info=DEVICE_FAMILY="Cyclone IV E" --system-info=DEVICE=EP4CE22F17C6 --system-info=DEVICE_SPEEDGRADE=6 --component-file=C:/Users/Dell/Documents/my_APP5/SoC/TP/nios_system.qsys
Progress: Loading TP/nios_system.qsys
Progress: Reading input file
Progress: Adding clk_0 [clock_source 13.0]
Progress: Parameterizing module clk_0
Progress: Adding nios2_processor [altera_nios2_qsys 13.0]
Progress: Parameterizing module nios2_processor
Progress: Adding onchip_memory [altera_avalon_onchip_memory2 13.0.1.99.2]
Progress: Parameterizing module onchip_memory
Progress: Adding PIO_INPUT [altera_avalon_pio 13.0.1.99.2]
Progress: Parameterizing module PIO_INPUT
Progress: Adding PIO_OUTPUT [altera_avalon_pio 13.0.1.99.2]
Progress: Parameterizing module PIO_OUTPUT
Progress: Adding jtag_uart [altera_avalon_jtag_uart 13.0.1.99.2]
Progress: Parameterizing module jtag_uart
Progress: Adding sdram [altera_avalon_new_sdram_controller 13.0.1.99.2]
Progress: Parameterizing module sdram
Progress: Adding up_clocks_0 [altera_up_clocks 13.0]
Progress: Parameterizing module up_clocks_0
Progress: Adding PWM_avalon_interface_0 [PWM_avalon_interface 1.0]
Progress: Parameterizing module PWM_avalon_interface_0
Progress: Building connections
Progress: Parameterizing connections
Progress: Validating
Progress: Done reading input file
Info: ip-generate succeeded.
Info: Finished: Create block symbol file (.bsf)
Info: 
Info: Starting: Create HDL design files for synthesis
Info: ip-generate --project-directory=C:/Users/Dell/Documents/my_APP5/SoC/TP/ --output-directory=C:/Users/Dell/Documents/my_APP5/SoC/TP/nios_system/synthesis/ --file-set=QUARTUS_SYNTH --report-file=sopcinfo:C:/Users/Dell/Documents/my_APP5/SoC/TP/nios_system.sopcinfo --report-file=html:C:/Users/Dell/Documents/my_APP5/SoC/TP/nios_system.html --report-file=qip:C:/Users/Dell/Documents/my_APP5/SoC/TP/nios_system/synthesis/nios_system.qip --report-file=cmp:C:/Users/Dell/Documents/my_APP5/SoC/TP/nios_system.cmp --report-file=svd --system-info=DEVICE_FAMILY="Cyclone IV E" --system-info=DEVICE=EP4CE22F17C6 --system-info=DEVICE_SPEEDGRADE=6 --component-file=C:/Users/Dell/Documents/my_APP5/SoC/TP/nios_system.qsys --language=VHDL
Progress: Loading TP/nios_system.qsys
Progress: Reading input file
Progress: Adding clk_0 [clock_source 13.0]
Progress: Parameterizing module clk_0
Progress: Adding nios2_processor [altera_nios2_qsys 13.0]
Progress: Parameterizing module nios2_processor
Progress: Adding onchip_memory [altera_avalon_onchip_memory2 13.0.1.99.2]
Progress: Parameterizing module onchip_memory
Progress: Adding PIO_INPUT [altera_avalon_pio 13.0.1.99.2]
Progress: Parameterizing module PIO_INPUT
Progress: Adding PIO_OUTPUT [altera_avalon_pio 13.0.1.99.2]
Progress: Parameterizing module PIO_OUTPUT
Progress: Adding jtag_uart [altera_avalon_jtag_uart 13.0.1.99.2]
Progress: Parameterizing module jtag_uart
Progress: Adding sdram [altera_avalon_new_sdram_controller 13.0.1.99.2]
Progress: Parameterizing module sdram
Progress: Adding up_clocks_0 [altera_up_clocks 13.0]
Progress: Parameterizing module up_clocks_0
Progress: Adding PWM_avalon_interface_0 [PWM_avalon_interface 1.0]
Progress: Parameterizing module PWM_avalon_interface_0
Progress: Building connections
Progress: Parameterizing connections
Progress: Validating
Progress: Done reading input file
Info: nios_system: Generating nios_system "nios_system" for QUARTUS_SYNTH
Info: pipeline_bridge_swap_transform: After transform: 7 modules, 25 connections
Info: No custom instruction connections, skipping transform 
Info: merlin_translator_transform: After transform: 14 modules, 52 connections
Info: merlin_domain_transform: After transform: 29 modules, 141 connections
Info: merlin_router_transform: After transform: 36 modules, 168 connections
Info: merlin_burst_transform: After transform: 38 modules, 175 connections
Info: reset_adaptation_transform: After transform: 40 modules, 146 connections
Info: merlin_network_to_switch_transform: After transform: 53 modules, 176 connections
Info: merlin_width_transform: After transform: 57 modules, 188 connections
Info: Inserting clock-crossing logic between cmd_xbar_demux_001.src4 and cmd_xbar_mux_004.sink0
Info: Inserting clock-crossing logic between rsp_xbar_demux_004.src0 and rsp_xbar_mux_001.sink4
Info: com_altera_sopcmodel_transforms_avalon_ClockCrossingTransform: After transform: 59 modules, 198 connections
Info: merlin_mm_transform: After transform: 59 modules, 198 connections
Info: merlin_interrupt_mapper_transform: After transform: 60 modules, 201 connections
Warning: nios_system: "No matching role found for rst_controller:reset_out:reset_req (reset_req)"
Warning: nios_system: "No matching role found for rst_controller:reset_out:reset_req (reset_req)"
Warning: nios_system: "No matching role found for rst_controller:reset_out:reset_req (reset_req)"
Warning: nios_system: "No matching role found for rst_controller:reset_out:reset_req (reset_req)"
Warning: nios_system: "No matching role found for rst_controller:reset_out:reset_req (reset_req)"
Warning: nios_system: "No matching role found for rst_controller:reset_out:reset_req (reset_req)"
Warning: nios_system: "No matching role found for rst_controller:reset_out:reset_req (reset_req)"
Warning: nios_system: "No matching role found for rst_controller:reset_out:reset_req (reset_req)"
Warning: nios_system: "No matching role found for rst_controller:reset_out:reset_req (reset_req)"
Warning: nios_system: "No matching role found for rst_controller:reset_out:reset_req (reset_req)"
Warning: nios_system: "No matching role found for rst_controller:reset_out:reset_req (reset_req)"
Warning: nios_system: "No matching role found for rst_controller:reset_out:reset_req (reset_req)"
Warning: nios_system: "No matching role found for rst_controller:reset_out:reset_req (reset_req)"
Warning: nios_system: "No matching role found for rst_controller:reset_out:reset_req (reset_req)"
Warning: nios_system: "No matching role found for rst_controller:reset_out:reset_req (reset_req)"
Warning: nios_system: "No matching role found for rst_controller:reset_out:reset_req (reset_req)"
Warning: nios_system: "No matching role found for rst_controller:reset_out:reset_req (reset_req)"
Warning: nios_system: "No matching role found for rst_controller:reset_out:reset_req (reset_req)"
Warning: nios_system: "No matching role found for rst_controller:reset_out:reset_req (reset_req)"
Warning: nios_system: "No matching role found for rst_controller:reset_out:reset_req (reset_req)"
Warning: nios_system: "No matching role found for rst_controller:reset_out:reset_req (reset_req)"
Warning: nios_system: "No matching role found for rst_controller:reset_out:reset_req (reset_req)"
Warning: nios_system: "No matching role found for rst_controller:reset_out:reset_req (reset_req)"
Warning: nios_system: "No matching role found for rst_controller:reset_out:reset_req (reset_req)"
Warning: nios_system: "No matching role found for rst_controller:reset_out:reset_req (reset_req)"
Warning: nios_system: "No matching role found for rst_controller:reset_out:reset_req (reset_req)"
Warning: nios_system: "No matching role found for rst_controller:reset_out:reset_req (reset_req)"
Warning: nios_system: "No matching role found for rst_controller:reset_out:reset_req (reset_req)"
Warning: nios_system: "No matching role found for rst_controller:reset_out:reset_req (reset_req)"
Warning: nios_system: "No matching role found for rst_controller:reset_out:reset_req (reset_req)"
Warning: nios_system: "No matching role found for rst_controller:reset_out:reset_req (reset_req)"
Warning: nios_system: "No matching role found for rst_controller:reset_out:reset_req (reset_req)"
Warning: nios_system: "No matching role found for rst_controller:reset_out:reset_req (reset_req)"
Warning: nios_system: "No matching role found for rst_controller:reset_out:reset_req (reset_req)"
Warning: nios_system: "No matching role found for rst_controller:reset_out:reset_req (reset_req)"
Warning: nios_system: "No matching role found for rst_controller:reset_out:reset_req (reset_req)"
Warning: nios_system: "No matching role found for rst_controller:reset_out:reset_req (reset_req)"
Warning: nios_system: "No matching role found for rst_controller:reset_out:reset_req (reset_req)"
Warning: nios_system: "No matching role found for rst_controller:reset_out:reset_req (reset_req)"
Warning: nios_system: "No matching role found for rst_controller:reset_out:reset_req (reset_req)"
Warning: nios_system: "No matching role found for rst_controller:reset_out:reset_req (reset_req)"
Warning: nios_system: "No matching role found for rst_controller:reset_out:reset_req (reset_req)"
Warning: nios_system: "No matching role found for rst_controller:reset_out:reset_req (reset_req)"
Warning: nios_system: "No matching role found for rst_controller:reset_out:reset_req (reset_req)"
Info: nios2_processor: Starting RTL generation for module 'nios_system_nios2_processor'
Info: nios2_processor:   Generation command is [exec C:/altera/13.0sp1/quartus/../ip/altera/nios2_ip/altera_nios2/eperl.exe -I C:/altera/13.0sp1/quartus/common/ip/altera/common/perl/5.8.3 -I C:/altera/13.0sp1/quartus/sopc_builder/bin/europa -I C:/altera/13.0sp1/quartus/sopc_builder/bin/perl_lib -I C:/altera/13.0sp1/quartus/sopc_builder/bin -I C:/altera/13.0sp1/quartus/../ip/altera/nios2_ip/altera_nios2/cpu_lib -I C:/altera/13.0sp1/quartus/../ip/altera/nios2_ip/altera_nios2/nios_lib -I C:/altera/13.0sp1/quartus/../ip/altera/nios2_ip/altera_nios2 -I C:/altera/13.0sp1/quartus/../ip/altera/nios2_ip/altera_nios2 -- C:/altera/13.0sp1/quartus/../ip/altera/nios2_ip/altera_nios2/generate_rtl.epl --name=nios_system_nios2_processor --dir=C:/Users/Dell/AppData/Local/Temp/alt0591_6592441559595596493.dir/0001_nios2_processor_gen/ --quartus_dir=C:/altera/13.0sp1/quartus --verilog --config=C:/Users/Dell/AppData/Local/Temp/alt0591_6592441559595596493.dir/0001_nios2_processor_gen//nios_system_nios2_processor_processor_configuration.pl  --do_build_sim=0    --bogus  ]
Info: nios2_processor: # 2026.05.18 09:42:07 (*) Starting Nios II generation
Info: nios2_processor: # 2026.05.18 09:42:07 (*)   Checking for plaintext license.
Info: nios2_processor: # 2026.05.18 09:42:07 (*)   Plaintext license not found.
Info: nios2_processor: # 2026.05.18 09:42:07 (*)   No license required to generate encrypted Nios II/e.
Info: nios2_processor: # 2026.05.18 09:42:07 (*)   Elaborating CPU configuration settings
Info: nios2_processor: # 2026.05.18 09:42:07 (*)   Creating all objects for CPU
Info: nios2_processor: # 2026.05.18 09:42:08 (*)   Generating RTL from CPU objects
Info: nios2_processor: # 2026.05.18 09:42:08 (*)   Creating plain-text RTL
Info: nios2_processor: # 2026.05.18 09:42:09 (*) Done Nios II generation
Info: nios2_processor: Done RTL generation for module 'nios_system_nios2_processor'
Info: nios2_processor: "nios_system" instantiated altera_nios2_qsys "nios2_processor"
Info: onchip_memory: Starting RTL generation for module 'nios_system_onchip_memory'
Info: onchip_memory:   Generation command is [exec C:/altera/13.0sp1/quartus/bin/perl/bin/perl.exe -I C:/altera/13.0sp1/quartus/common/ip/altera/common/perl/5.8.3 -I C:/altera/13.0sp1/quartus/sopc_builder/bin/europa -I C:/altera/13.0sp1/quartus/sopc_builder/bin/perl_lib -I C:/altera/13.0sp1/quartus/sopc_builder/bin -I C:/altera/13.0sp1/quartus/../ip/altera/sopc_builder_ip/common -I C:/altera/13.0sp1/quartus/../ip/altera/sopc_builder_ip/altera_avalon_onchip_memory2 -- C:/altera/13.0sp1/quartus/../ip/altera/sopc_builder_ip/altera_avalon_onchip_memory2/generate_rtl.pl --name=nios_system_onchip_memory --dir=C:/Users/Dell/AppData/Local/Temp/alt0591_6592441559595596493.dir/0002_onchip_memory_gen/ --quartus_dir=C:/altera/13.0sp1/quartus --verilog --config=C:/Users/Dell/AppData/Local/Temp/alt0591_6592441559595596493.dir/0002_onchip_memory_gen//nios_system_onchip_memory_component_configuration.pl  --do_build_sim=0  ]
Info: onchip_memory: Done RTL generation for module 'nios_system_onchip_memory'
Info: onchip_memory: "nios_system" instantiated altera_avalon_onchip_memory2 "onchip_memory"
Info: jtag_uart: Starting RTL generation for module 'nios_system_jtag_uart'
Info: jtag_uart:   Generation command is [exec C:/altera/13.0sp1/quartus/bin/perl/bin/perl.exe -I C:/altera/13.0sp1/quartus/common/ip/altera/common/perl/5.8.3 -I C:/altera/13.0sp1/quartus/sopc_builder/bin/europa -I C:/altera/13.0sp1/quartus/sopc_builder/bin/perl_lib -I C:/altera/13.0sp1/quartus/sopc_builder/bin -I C:/altera/13.0sp1/quartus/../ip/altera/sopc_builder_ip/common -I C:/altera/13.0sp1/quartus/../ip/altera/sopc_builder_ip/altera_avalon_jtag_uart -- C:/altera/13.0sp1/quartus/../ip/altera/sopc_builder_ip/altera_avalon_jtag_uart/generate_rtl.pl --name=nios_system_jtag_uart --dir=C:/Users/Dell/AppData/Local/Temp/alt0591_6592441559595596493.dir/0003_jtag_uart_gen/ --quartus_dir=C:/altera/13.0sp1/quartus --verilog --config=C:/Users/Dell/AppData/Local/Temp/alt0591_6592441559595596493.dir/0003_jtag_uart_gen//nios_system_jtag_uart_component_configuration.pl  --do_build_sim=0  ]
Info: jtag_uart: Done RTL generation for module 'nios_system_jtag_uart'
Info: jtag_uart: "nios_system" instantiated altera_avalon_jtag_uart "jtag_uart"
Info: sdram: Starting RTL generation for module 'nios_system_sdram'
Info: sdram:   Generation command is [exec C:/altera/13.0sp1/quartus/bin/perl/bin/perl.exe -I C:/altera/13.0sp1/quartus/common/ip/altera/common/perl/5.8.3 -I C:/altera/13.0sp1/quartus/sopc_builder/bin/europa -I C:/altera/13.0sp1/quartus/sopc_builder/bin/perl_lib -I C:/altera/13.0sp1/quartus/sopc_builder/bin -I C:/altera/13.0sp1/quartus/../ip/altera/sopc_builder_ip/common -I C:/altera/13.0sp1/quartus/../ip/altera/sopc_builder_ip/altera_avalon_new_sdram_controller -- C:/altera/13.0sp1/quartus/../ip/altera/sopc_builder_ip/altera_avalon_new_sdram_controller/generate_rtl.pl --name=nios_system_sdram --dir=C:/Users/Dell/AppData/Local/Temp/alt0591_6592441559595596493.dir/0004_sdram_gen/ --quartus_dir=C:/altera/13.0sp1/quartus --verilog --config=C:/Users/Dell/AppData/Local/Temp/alt0591_6592441559595596493.dir/0004_sdram_gen//nios_system_sdram_component_configuration.pl  --do_build_sim=0  ]
Info: sdram: Done RTL generation for module 'nios_system_sdram'
Info: sdram: "nios_system" instantiated altera_avalon_new_sdram_controller "sdram"
Info: up_clocks_0: Starting Generation of Required Clocks for DE-Series Boards
Info: up_clocks_0: "nios_system" instantiated altera_up_clocks "up_clocks_0"
Info: PWM_avalon_interface_0: "nios_system" instantiated PWM_avalon_interface "PWM_avalon_interface_0"
Info: nios2_processor_instruction_master_translator: "nios_system" instantiated altera_merlin_master_translator "nios2_processor_instruction_master_translator"
Info: nios2_processor_jtag_debug_module_translator: "nios_system" instantiated altera_merlin_slave_translator "nios2_processor_jtag_debug_module_translator"
Info: nios2_processor_instruction_master_translator_avalon_universal_master_0_agent: "nios_system" instantiated altera_merlin_master_agent "nios2_processor_instruction_master_translator_avalon_universal_master_0_agent"
Info: nios2_processor_jtag_debug_module_translator_avalon_universal_slave_0_agent: "nios_system" instantiated altera_merlin_slave_agent "nios2_processor_jtag_debug_module_translator_avalon_universal_slave_0_agent"
Info: nios2_processor_jtag_debug_module_translator_avalon_universal_slave_0_agent_rsp_fifo: "nios_system" instantiated altera_avalon_sc_fifo "nios2_processor_jtag_debug_module_translator_avalon_universal_slave_0_agent_rsp_fifo"
Info: addr_router: "nios_system" instantiated altera_merlin_router "addr_router"
Info: addr_router_001: "nios_system" instantiated altera_merlin_router "addr_router_001"
Info: id_router: "nios_system" instantiated altera_merlin_router "id_router"
Info: id_router_002: "nios_system" instantiated altera_merlin_router "id_router_002"
Info: id_router_003: "nios_system" instantiated altera_merlin_router "id_router_003"
Info: id_router_004: "nios_system" instantiated altera_merlin_router "id_router_004"
Info: burst_adapter: "nios_system" instantiated altera_merlin_burst_adapter "burst_adapter"
Info: rst_controller: "nios_system" instantiated altera_reset_controller "rst_controller"
Info: cmd_xbar_demux: "nios_system" instantiated altera_merlin_demultiplexer "cmd_xbar_demux"
Info: cmd_xbar_demux_001: "nios_system" instantiated altera_merlin_demultiplexer "cmd_xbar_demux_001"
Info: cmd_xbar_mux: "nios_system" instantiated altera_merlin_multiplexer "cmd_xbar_mux"
Info: rsp_xbar_demux: "nios_system" instantiated altera_merlin_demultiplexer "rsp_xbar_demux"
Info: rsp_xbar_demux_003: "nios_system" instantiated altera_merlin_demultiplexer "rsp_xbar_demux_003"
Info: rsp_xbar_mux: "nios_system" instantiated altera_merlin_multiplexer "rsp_xbar_mux"
Info: Reusing file C:/Users/Dell/Documents/my_APP5/SoC/TP/nios_system/synthesis/submodules/altera_merlin_arbitrator.sv
Info: rsp_xbar_mux_001: "nios_system" instantiated altera_merlin_multiplexer "rsp_xbar_mux_001"
Info: Reusing file C:/Users/Dell/Documents/my_APP5/SoC/TP/nios_system/synthesis/submodules/altera_merlin_arbitrator.sv
Info: width_adapter: "nios_system" instantiated altera_merlin_width_adapter "width_adapter"
Info: Reusing file C:/Users/Dell/Documents/my_APP5/SoC/TP/nios_system/synthesis/submodules/altera_merlin_address_alignment.sv
Info: Reusing file C:/Users/Dell/Documents/my_APP5/SoC/TP/nios_system/synthesis/submodules/altera_merlin_burst_uncompressor.sv
Info: crosser: "nios_system" instantiated altera_avalon_st_handshake_clock_crosser "crosser"
Info: irq_mapper: "nios_system" instantiated altera_irq_mapper "irq_mapper"
Info: nios_system: Done nios_system" with 30 modules, 135 files, 2781838 bytes
Info: ip-generate succeeded.
Info: Finished: Create HDL design files for synthesis
