Flow report for TOP_LEVEL
Wed May 20 14:59:11 2026
Quartus II 32-bit Version 13.0.1 Build 232 06/12/2013 Service Pack 1 SJ Full Version


---------------------
; Table of Contents ;
---------------------
  1. Legal Notice
  2. Flow Summary
  3. Flow Settings
  4. Flow Non-Default Global Settings
  5. Flow Elapsed Time
  6. Flow OS Summary
  7. Flow Log
  8. Flow Messages
  9. Flow Suppressed Messages



----------------
; Legal Notice ;
----------------
Copyright (C) 1991-2013 Altera Corporation
Your use of Altera Corporation's design tools, logic functions 
and other software and tools, and its AMPP partner logic 
functions, and any output files from any of the foregoing 
(including device programming or simulation files), and any 
associated documentation or information are expressly subject 
to the terms and conditions of the Altera Program License 
Subscription Agreement, Altera MegaCore Function License 
Agreement, or other applicable license agreement, including, 
without limitation, that your use is for the sole purpose of 
programming logic devices manufactured by Altera and sold by 
Altera or its authorized distributors.  Please refer to the 
applicable agreement for further details.



+---------------------------------------------------------------------------------------+
; Flow Summary                                                                          ;
+------------------------------------+--------------------------------------------------+
; Flow Status                        ; Successful - Wed May 20 14:58:38 2026            ;
; Quartus II 32-bit Version          ; 13.0.1 Build 232 06/12/2013 SP 1 SJ Full Version ;
; Revision Name                      ; TOP_LEVEL                                        ;
; Top-level Entity Name              ; TOP_LEVEL                                        ;
; Family                             ; Cyclone IV E                                     ;
; Device                             ; EP4CE22F17C6                                     ;
; Timing Models                      ; Final                                            ;
; Total logic elements               ; 3,244 / 22,320 ( 15 % )                          ;
;     Total combinational functions  ; 2,709 / 22,320 ( 12 % )                          ;
;     Dedicated logic registers      ; 2,208 / 22,320 ( 10 % )                          ;
; Total registers                    ; 2277                                             ;
; Total pins                         ; 60 / 154 ( 39 % )                                ;
; Total virtual pins                 ; 0                                                ;
; Total memory bits                  ; 142,336 / 608,256 ( 23 % )                       ;
; Embedded Multiplier 9-bit elements ; 0 / 132 ( 0 % )                                  ;
; Total PLLs                         ; 2 / 4 ( 50 % )                                   ;
+------------------------------------+--------------------------------------------------+


+-----------------------------------------+
; Flow Settings                           ;
+-------------------+---------------------+
; Option            ; Setting             ;
+-------------------+---------------------+
; Start date & time ; 05/20/2026 14:56:37 ;
; Main task         ; Compilation         ;
; Revision Name     ; TOP_LEVEL           ;
+-------------------+---------------------+


+-----------------------------------------------------------------------------------------------------------------------------------------------------------------------------+
; Flow Non-Default Global Settings                                                                                                                                            ;
+-------------------------------------+---------------------------------------------------------------+---------------+------------------------------------------+------------+
; Assignment Name                     ; Value                                                         ; Default Value ; Entity Name                              ; Section Id ;
+-------------------------------------+---------------------------------------------------------------+---------------+------------------------------------------+------------+
; COMPILER_SIGNATURE_ID               ; 154946507545927.177928179723092                               ; --            ; --                                       ; --         ;
; IP_TOOL_ENV                         ; Qsys                                                          ; --            ; altera_avalon_sc_fifo                    ; --         ;
; IP_TOOL_ENV                         ; Qsys                                                          ; --            ; altera_avalon_st_handshake_clock_crosser ; --         ;
; IP_TOOL_ENV                         ; Qsys                                                          ; --            ; altera_merlin_burst_adapter              ; --         ;
; IP_TOOL_ENV                         ; Qsys                                                          ; --            ; altera_merlin_master_agent               ; --         ;
; IP_TOOL_ENV                         ; Qsys                                                          ; --            ; altera_merlin_master_translator          ; --         ;
; IP_TOOL_ENV                         ; Qsys                                                          ; --            ; altera_merlin_slave_agent                ; --         ;
; IP_TOOL_ENV                         ; Qsys                                                          ; --            ; altera_merlin_slave_translator           ; --         ;
; IP_TOOL_ENV                         ; Qsys                                                          ; --            ; altera_merlin_width_adapter              ; --         ;
; IP_TOOL_ENV                         ; Qsys                                                          ; --            ; altera_reset_controller                  ; --         ;
; IP_TOOL_ENV                         ; Qsys                                                          ; --            ; nios_system                              ; --         ;
; IP_TOOL_ENV                         ; Qsys                                                          ; --            ; nios_system_addr_router                  ; --         ;
; IP_TOOL_ENV                         ; Qsys                                                          ; --            ; nios_system_addr_router_001              ; --         ;
; IP_TOOL_ENV                         ; Qsys                                                          ; --            ; nios_system_cmd_xbar_demux               ; --         ;
; IP_TOOL_ENV                         ; Qsys                                                          ; --            ; nios_system_cmd_xbar_demux_001           ; --         ;
; IP_TOOL_ENV                         ; Qsys                                                          ; --            ; nios_system_cmd_xbar_mux                 ; --         ;
; IP_TOOL_ENV                         ; Qsys                                                          ; --            ; nios_system_id_router                    ; --         ;
; IP_TOOL_ENV                         ; Qsys                                                          ; --            ; nios_system_id_router_002                ; --         ;
; IP_TOOL_ENV                         ; Qsys                                                          ; --            ; nios_system_id_router_003                ; --         ;
; IP_TOOL_ENV                         ; Qsys                                                          ; --            ; nios_system_id_router_004                ; --         ;
; IP_TOOL_ENV                         ; Qsys                                                          ; --            ; nios_system_irq_mapper                   ; --         ;
; IP_TOOL_ENV                         ; Qsys                                                          ; --            ; nios_system_jtag_uart                    ; --         ;
; IP_TOOL_ENV                         ; Qsys                                                          ; --            ; nios_system_nios2_processor              ; --         ;
; IP_TOOL_ENV                         ; Qsys                                                          ; --            ; nios_system_onchip_memory                ; --         ;
; IP_TOOL_ENV                         ; Qsys                                                          ; --            ; nios_system_rsp_xbar_demux               ; --         ;
; IP_TOOL_ENV                         ; Qsys                                                          ; --            ; nios_system_rsp_xbar_demux_003           ; --         ;
; IP_TOOL_ENV                         ; Qsys                                                          ; --            ; nios_system_rsp_xbar_mux                 ; --         ;
; IP_TOOL_ENV                         ; Qsys                                                          ; --            ; nios_system_rsp_xbar_mux_001             ; --         ;
; IP_TOOL_ENV                         ; Qsys                                                          ; --            ; nios_system_sdram                        ; --         ;
; IP_TOOL_NAME                        ; altera_avalon_sc_fifo                                         ; --            ; altera_avalon_sc_fifo                    ; --         ;
; IP_TOOL_NAME                        ; altera_avalon_st_handshake_clock_crosser                      ; --            ; altera_avalon_st_handshake_clock_crosser ; --         ;
; IP_TOOL_NAME                        ; altera_merlin_burst_adapter                                   ; --            ; altera_merlin_burst_adapter              ; --         ;
; IP_TOOL_NAME                        ; altera_merlin_master_agent                                    ; --            ; altera_merlin_master_agent               ; --         ;
; IP_TOOL_NAME                        ; altera_merlin_master_translator                               ; --            ; altera_merlin_master_translator          ; --         ;
; IP_TOOL_NAME                        ; altera_merlin_slave_agent                                     ; --            ; altera_merlin_slave_agent                ; --         ;
; IP_TOOL_NAME                        ; altera_merlin_slave_translator                                ; --            ; altera_merlin_slave_translator           ; --         ;
; IP_TOOL_NAME                        ; altera_merlin_width_adapter                                   ; --            ; altera_merlin_width_adapter              ; --         ;
; IP_TOOL_NAME                        ; altera_reset_controller                                       ; --            ; altera_reset_controller                  ; --         ;
; IP_TOOL_NAME                        ; Qsys                                                          ; --            ; nios_system                              ; --         ;
; IP_TOOL_NAME                        ; altera_merlin_router                                          ; --            ; nios_system_addr_router                  ; --         ;
; IP_TOOL_NAME                        ; altera_merlin_router                                          ; --            ; nios_system_addr_router_001              ; --         ;
; IP_TOOL_NAME                        ; altera_merlin_demultiplexer                                   ; --            ; nios_system_cmd_xbar_demux               ; --         ;
; IP_TOOL_NAME                        ; altera_merlin_demultiplexer                                   ; --            ; nios_system_cmd_xbar_demux_001           ; --         ;
; IP_TOOL_NAME                        ; altera_merlin_multiplexer                                     ; --            ; nios_system_cmd_xbar_mux                 ; --         ;
; IP_TOOL_NAME                        ; altera_merlin_router                                          ; --            ; nios_system_id_router                    ; --         ;
; IP_TOOL_NAME                        ; altera_merlin_router                                          ; --            ; nios_system_id_router_002                ; --         ;
; IP_TOOL_NAME                        ; altera_merlin_router                                          ; --            ; nios_system_id_router_003                ; --         ;
; IP_TOOL_NAME                        ; altera_merlin_router                                          ; --            ; nios_system_id_router_004                ; --         ;
; IP_TOOL_NAME                        ; altera_irq_mapper                                             ; --            ; nios_system_irq_mapper                   ; --         ;
; IP_TOOL_NAME                        ; altera_avalon_jtag_uart                                       ; --            ; nios_system_jtag_uart                    ; --         ;
; IP_TOOL_NAME                        ; altera_nios2_qsys                                             ; --            ; nios_system_nios2_processor              ; --         ;
; IP_TOOL_NAME                        ; altera_avalon_onchip_memory2                                  ; --            ; nios_system_onchip_memory                ; --         ;
; IP_TOOL_NAME                        ; altera_merlin_demultiplexer                                   ; --            ; nios_system_rsp_xbar_demux               ; --         ;
; IP_TOOL_NAME                        ; altera_merlin_demultiplexer                                   ; --            ; nios_system_rsp_xbar_demux_003           ; --         ;
; IP_TOOL_NAME                        ; altera_merlin_multiplexer                                     ; --            ; nios_system_rsp_xbar_mux                 ; --         ;
; IP_TOOL_NAME                        ; altera_merlin_multiplexer                                     ; --            ; nios_system_rsp_xbar_mux_001             ; --         ;
; IP_TOOL_NAME                        ; altera_avalon_new_sdram_controller                            ; --            ; nios_system_sdram                        ; --         ;
; IP_TOOL_VERSION                     ; 13.0                                                          ; --            ; altera_avalon_sc_fifo                    ; --         ;
; IP_TOOL_VERSION                     ; 13.0                                                          ; --            ; altera_avalon_st_handshake_clock_crosser ; --         ;
; IP_TOOL_VERSION                     ; 13.0                                                          ; --            ; altera_merlin_burst_adapter              ; --         ;
; IP_TOOL_VERSION                     ; 13.0                                                          ; --            ; altera_merlin_master_agent               ; --         ;
; IP_TOOL_VERSION                     ; 13.0                                                          ; --            ; altera_merlin_master_translator          ; --         ;
; IP_TOOL_VERSION                     ; 13.0                                                          ; --            ; altera_merlin_slave_agent                ; --         ;
; IP_TOOL_VERSION                     ; 13.0                                                          ; --            ; altera_merlin_slave_translator           ; --         ;
; IP_TOOL_VERSION                     ; 13.0                                                          ; --            ; altera_merlin_width_adapter              ; --         ;
; IP_TOOL_VERSION                     ; 13.0                                                          ; --            ; altera_reset_controller                  ; --         ;
; IP_TOOL_VERSION                     ; 13.0sp1                                                       ; --            ; nios_system                              ; --         ;
; IP_TOOL_VERSION                     ; 13.0                                                          ; --            ; nios_system_addr_router                  ; --         ;
; IP_TOOL_VERSION                     ; 13.0                                                          ; --            ; nios_system_addr_router_001              ; --         ;
; IP_TOOL_VERSION                     ; 13.0                                                          ; --            ; nios_system_cmd_xbar_demux               ; --         ;
; IP_TOOL_VERSION                     ; 13.0                                                          ; --            ; nios_system_cmd_xbar_demux_001           ; --         ;
; IP_TOOL_VERSION                     ; 13.0                                                          ; --            ; nios_system_cmd_xbar_mux                 ; --         ;
; IP_TOOL_VERSION                     ; 13.0                                                          ; --            ; nios_system_id_router                    ; --         ;
; IP_TOOL_VERSION                     ; 13.0                                                          ; --            ; nios_system_id_router_002                ; --         ;
; IP_TOOL_VERSION                     ; 13.0                                                          ; --            ; nios_system_id_router_003                ; --         ;
; IP_TOOL_VERSION                     ; 13.0                                                          ; --            ; nios_system_id_router_004                ; --         ;
; IP_TOOL_VERSION                     ; 13.0                                                          ; --            ; nios_system_irq_mapper                   ; --         ;
; IP_TOOL_VERSION                     ; 13.0.1.99.2                                                   ; --            ; nios_system_jtag_uart                    ; --         ;
; IP_TOOL_VERSION                     ; 13.0                                                          ; --            ; nios_system_nios2_processor              ; --         ;
; IP_TOOL_VERSION                     ; 13.0.1.99.2                                                   ; --            ; nios_system_onchip_memory                ; --         ;
; IP_TOOL_VERSION                     ; 13.0                                                          ; --            ; nios_system_rsp_xbar_demux               ; --         ;
; IP_TOOL_VERSION                     ; 13.0                                                          ; --            ; nios_system_rsp_xbar_demux_003           ; --         ;
; IP_TOOL_VERSION                     ; 13.0                                                          ; --            ; nios_system_rsp_xbar_mux                 ; --         ;
; IP_TOOL_VERSION                     ; 13.0                                                          ; --            ; nios_system_rsp_xbar_mux_001             ; --         ;
; IP_TOOL_VERSION                     ; 13.0.1.99.2                                                   ; --            ; nios_system_sdram                        ; --         ;
; MAX_CORE_JUNCTION_TEMP              ; 85                                                            ; --            ; --                                       ; --         ;
; MIN_CORE_JUNCTION_TEMP              ; 0                                                             ; --            ; --                                       ; --         ;
; MISC_FILE                           ; nios_system/synthesis/../../nios_system.cmp                   ; --            ; --                                       ; --         ;
; MISC_FILE                           ; nios_system/synthesis/../../nios_system.qsys                  ; --            ; --                                       ; --         ;
; PARTITION_COLOR                     ; 16764057                                                      ; --            ; DE0_NANO_SMART_CAR                       ; Top        ;
; PARTITION_COLOR                     ; 16764057                                                      ; --            ; --                                       ; Top        ;
; PARTITION_FITTER_PRESERVATION_LEVEL ; PLACEMENT_AND_ROUTING                                         ; --            ; DE0_NANO_SMART_CAR                       ; Top        ;
; PARTITION_FITTER_PRESERVATION_LEVEL ; PLACEMENT_AND_ROUTING                                         ; --            ; --                                       ; Top        ;
; PARTITION_NETLIST_TYPE              ; SOURCE                                                        ; --            ; DE0_NANO_SMART_CAR                       ; Top        ;
; PARTITION_NETLIST_TYPE              ; SOURCE                                                        ; --            ; --                                       ; Top        ;
; POWER_BOARD_THERMAL_MODEL           ; None (CONSERVATIVE)                                           ; --            ; --                                       ; --         ;
; POWER_PRESET_COOLING_SOLUTION       ; 23 MM HEAT SINK WITH 200 LFPM AIRFLOW                         ; --            ; --                                       ; --         ;
; SLD_INFO                            ; QSYS_NAME nios_system HAS_SOPCINFO 1 GENERATION_ID 1779281752 ; --            ; nios_system                              ; --         ;
; SOPCINFO_FILE                       ; nios_system/synthesis/../../nios_system.sopcinfo              ; --            ; --                                       ; --         ;
; SYNTHESIS_ONLY_QIP                  ; On                                                            ; --            ; --                                       ; --         ;
+-------------------------------------+---------------------------------------------------------------+---------------+------------------------------------------+------------+


+-------------------------------------------------------------------------------------------------------------------------------+
; Flow Elapsed Time                                                                                                             ;
+---------------------------+--------------+-------------------------+---------------------+------------------------------------+
; Module Name               ; Elapsed Time ; Average Processors Used ; Peak Virtual Memory ; Total CPU Time (on all processors) ;
+---------------------------+--------------+-------------------------+---------------------+------------------------------------+
; Analysis & Synthesis      ; 00:00:31     ; 1.0                     ; 517 MB              ; 00:00:18                           ;
; Fitter                    ; 00:00:52     ; 1.5                     ; 759 MB              ; 00:00:23                           ;
; Assembler                 ; 00:00:39     ; 1.0                     ; 413 MB              ; 00:00:02                           ;
; TimeQuest Timing Analyzer ; 00:00:31     ; 1.0                     ; 500 MB              ; 00:00:05                           ;
; Total                     ; 00:02:33     ; --                      ; --                  ; 00:00:48                           ;
+---------------------------+--------------+-------------------------+---------------------+------------------------------------+


+----------------------------------------------------------------------------------------+
; Flow OS Summary                                                                        ;
+---------------------------+------------------+-----------+------------+----------------+
; Module Name               ; Machine Hostname ; OS Name   ; OS Version ; Processor type ;
+---------------------------+------------------+-----------+------------+----------------+
; Analysis & Synthesis      ; a-137147         ; Windows 7 ; 6.2        ; x86_64         ;
; Fitter                    ; a-137147         ; Windows 7 ; 6.2        ; x86_64         ;
; Assembler                 ; a-137147         ; Windows 7 ; 6.2        ; x86_64         ;
; TimeQuest Timing Analyzer ; a-137147         ; Windows 7 ; 6.2        ; x86_64         ;
+---------------------------+------------------+-----------+------------+----------------+


------------
; Flow Log ;
------------
quartus_map --read_settings_files=on --write_settings_files=off projet_robot -c TOP_LEVEL
quartus_fit --read_settings_files=off --write_settings_files=off projet_robot -c TOP_LEVEL
quartus_asm --read_settings_files=off --write_settings_files=off projet_robot -c TOP_LEVEL
quartus_sta projet_robot -c TOP_LEVEL



