Flow report for DE1_Basic_Computer
Tue May 12 12:47:46 2026
Quartus II 32-bit Version 13.0.1 Build 232 06/12/2013 Service Pack 1 SJ Full Version


---------------------
; Table of Contents ;
---------------------
  1. Legal Notice
  2. Flow Summary
  3. Flow Settings
  4. Flow Non-Default Global Settings
  5. Flow Elapsed Time
  6. Flow OS Summary
  7. Flow Log
  8. Flow Messages
  9. Flow Suppressed Messages



----------------
; Legal Notice ;
----------------
Copyright (C) 1991-2013 Altera Corporation
Your use of Altera Corporation's design tools, logic functions 
and other software and tools, and its AMPP partner logic 
functions, and any output files from any of the foregoing 
(including device programming or simulation files), and any 
associated documentation or information are expressly subject 
to the terms and conditions of the Altera Program License 
Subscription Agreement, Altera MegaCore Function License 
Agreement, or other applicable license agreement, including, 
without limitation, that your use is for the sole purpose of 
programming logic devices manufactured by Altera and sold by 
Altera or its authorized distributors.  Please refer to the 
applicable agreement for further details.



+---------------------------------------------------------------------------------------+
; Flow Summary                                                                          ;
+------------------------------------+--------------------------------------------------+
; Flow Status                        ; Successful - Tue May 12 12:47:35 2026            ;
; Quartus II 32-bit Version          ; 13.0.1 Build 232 06/12/2013 SP 1 SJ Full Version ;
; Revision Name                      ; DE1_Basic_Computer                               ;
; Top-level Entity Name              ; component_tutorial                               ;
; Family                             ; Cyclone II                                       ;
; Device                             ; EP2C20F484C7                                     ;
; Timing Models                      ; Final                                            ;
; Total logic elements               ; 3,944 / 18,752 ( 21 % )                          ;
;     Total combinational functions  ; 3,357 / 18,752 ( 18 % )                          ;
;     Dedicated logic registers      ; 2,596 / 18,752 ( 14 % )                          ;
; Total registers                    ; 2596                                             ;
; Total pins                         ; 30 / 315 ( 10 % )                                ;
; Total virtual pins                 ; 0                                                ;
; Total memory bits                  ; 77,952 / 239,616 ( 33 % )                        ;
; Embedded Multiplier 9-bit elements ; 0 / 52 ( 0 % )                                   ;
; Total PLLs                         ; 0 / 4 ( 0 % )                                    ;
+------------------------------------+--------------------------------------------------+


+-----------------------------------------+
; Flow Settings                           ;
+-------------------+---------------------+
; Option            ; Setting             ;
+-------------------+---------------------+
; Start date & time ; 05/12/2026 12:46:49 ;
; Main task         ; Compilation         ;
; Revision Name     ; DE1_Basic_Computer  ;
+-------------------+---------------------+


+-------------------------------------------------------------------------------------------------------------------------------------------------------------------------+
; Flow Non-Default Global Settings                                                                                                                                        ;
+-------------------------------------+---------------------------------------------------------------+--------------------+---------------------------------+------------+
; Assignment Name                     ; Value                                                         ; Default Value      ; Entity Name                     ; Section Id ;
+-------------------------------------+---------------------------------------------------------------+--------------------+---------------------------------+------------+
; COMPILER_SIGNATURE_ID               ; 44829937160557.177858280827608                                ; --                 ; --                              ; --         ;
; IP_TOOL_ENV                         ; Qsys                                                          ; --                 ; altera_avalon_sc_fifo           ; --         ;
; IP_TOOL_ENV                         ; Qsys                                                          ; --                 ; altera_merlin_burst_adapter     ; --         ;
; IP_TOOL_ENV                         ; Qsys                                                          ; --                 ; altera_merlin_master_agent      ; --         ;
; IP_TOOL_ENV                         ; Qsys                                                          ; --                 ; altera_merlin_master_translator ; --         ;
; IP_TOOL_ENV                         ; Qsys                                                          ; --                 ; altera_merlin_slave_agent       ; --         ;
; IP_TOOL_ENV                         ; Qsys                                                          ; --                 ; altera_merlin_slave_translator  ; --         ;
; IP_TOOL_ENV                         ; Qsys                                                          ; --                 ; altera_merlin_width_adapter     ; --         ;
; IP_TOOL_ENV                         ; Qsys                                                          ; --                 ; altera_reset_controller         ; --         ;
; IP_TOOL_ENV                         ; Qsys                                                          ; --                 ; nios_system                     ; --         ;
; IP_TOOL_ENV                         ; Qsys                                                          ; --                 ; nios_system_Interval_timer      ; --         ;
; IP_TOOL_ENV                         ; Qsys                                                          ; --                 ; nios_system_JTAG_UART           ; --         ;
; IP_TOOL_ENV                         ; Qsys                                                          ; --                 ; nios_system_Onchip_memory       ; --         ;
; IP_TOOL_ENV                         ; Qsys                                                          ; --                 ; nios_system_addr_router         ; --         ;
; IP_TOOL_ENV                         ; Qsys                                                          ; --                 ; nios_system_addr_router_001     ; --         ;
; IP_TOOL_ENV                         ; Qsys                                                          ; --                 ; nios_system_cmd_xbar_demux      ; --         ;
; IP_TOOL_ENV                         ; Qsys                                                          ; --                 ; nios_system_cmd_xbar_demux_001  ; --         ;
; IP_TOOL_ENV                         ; Qsys                                                          ; --                 ; nios_system_cmd_xbar_mux        ; --         ;
; IP_TOOL_ENV                         ; Qsys                                                          ; --                 ; nios_system_cpu                 ; --         ;
; IP_TOOL_ENV                         ; Qsys                                                          ; --                 ; nios_system_id_router           ; --         ;
; IP_TOOL_ENV                         ; Qsys                                                          ; --                 ; nios_system_id_router_001       ; --         ;
; IP_TOOL_ENV                         ; Qsys                                                          ; --                 ; nios_system_id_router_002       ; --         ;
; IP_TOOL_ENV                         ; Qsys                                                          ; --                 ; nios_system_id_router_004       ; --         ;
; IP_TOOL_ENV                         ; Qsys                                                          ; --                 ; nios_system_id_router_015       ; --         ;
; IP_TOOL_ENV                         ; Qsys                                                          ; --                 ; nios_system_irq_mapper          ; --         ;
; IP_TOOL_ENV                         ; Qsys                                                          ; --                 ; nios_system_rsp_xbar_demux      ; --         ;
; IP_TOOL_ENV                         ; Qsys                                                          ; --                 ; nios_system_rsp_xbar_demux_001  ; --         ;
; IP_TOOL_ENV                         ; Qsys                                                          ; --                 ; nios_system_rsp_xbar_mux        ; --         ;
; IP_TOOL_ENV                         ; Qsys                                                          ; --                 ; nios_system_rsp_xbar_mux_001    ; --         ;
; IP_TOOL_ENV                         ; Qsys                                                          ; --                 ; nios_system_sdram               ; --         ;
; IP_TOOL_NAME                        ; ALTPLL                                                        ; --                 ; --                              ; --         ;
; IP_TOOL_NAME                        ; altera_avalon_sc_fifo                                         ; --                 ; altera_avalon_sc_fifo           ; --         ;
; IP_TOOL_NAME                        ; altera_merlin_burst_adapter                                   ; --                 ; altera_merlin_burst_adapter     ; --         ;
; IP_TOOL_NAME                        ; altera_merlin_master_agent                                    ; --                 ; altera_merlin_master_agent      ; --         ;
; IP_TOOL_NAME                        ; altera_merlin_master_translator                               ; --                 ; altera_merlin_master_translator ; --         ;
; IP_TOOL_NAME                        ; altera_merlin_slave_agent                                     ; --                 ; altera_merlin_slave_agent       ; --         ;
; IP_TOOL_NAME                        ; altera_merlin_slave_translator                                ; --                 ; altera_merlin_slave_translator  ; --         ;
; IP_TOOL_NAME                        ; altera_merlin_width_adapter                                   ; --                 ; altera_merlin_width_adapter     ; --         ;
; IP_TOOL_NAME                        ; altera_reset_controller                                       ; --                 ; altera_reset_controller         ; --         ;
; IP_TOOL_NAME                        ; Qsys                                                          ; --                 ; nios_system                     ; --         ;
; IP_TOOL_NAME                        ; altera_avalon_timer                                           ; --                 ; nios_system_Interval_timer      ; --         ;
; IP_TOOL_NAME                        ; altera_avalon_jtag_uart                                       ; --                 ; nios_system_JTAG_UART           ; --         ;
; IP_TOOL_NAME                        ; altera_avalon_onchip_memory2                                  ; --                 ; nios_system_Onchip_memory       ; --         ;
; IP_TOOL_NAME                        ; altera_merlin_router                                          ; --                 ; nios_system_addr_router         ; --         ;
; IP_TOOL_NAME                        ; altera_merlin_router                                          ; --                 ; nios_system_addr_router_001     ; --         ;
; IP_TOOL_NAME                        ; altera_merlin_demultiplexer                                   ; --                 ; nios_system_cmd_xbar_demux      ; --         ;
; IP_TOOL_NAME                        ; altera_merlin_demultiplexer                                   ; --                 ; nios_system_cmd_xbar_demux_001  ; --         ;
; IP_TOOL_NAME                        ; altera_merlin_multiplexer                                     ; --                 ; nios_system_cmd_xbar_mux        ; --         ;
; IP_TOOL_NAME                        ; altera_nios2_qsys                                             ; --                 ; nios_system_cpu                 ; --         ;
; IP_TOOL_NAME                        ; altera_merlin_router                                          ; --                 ; nios_system_id_router           ; --         ;
; IP_TOOL_NAME                        ; altera_merlin_router                                          ; --                 ; nios_system_id_router_001       ; --         ;
; IP_TOOL_NAME                        ; altera_merlin_router                                          ; --                 ; nios_system_id_router_002       ; --         ;
; IP_TOOL_NAME                        ; altera_merlin_router                                          ; --                 ; nios_system_id_router_004       ; --         ;
; IP_TOOL_NAME                        ; altera_merlin_router                                          ; --                 ; nios_system_id_router_015       ; --         ;
; IP_TOOL_NAME                        ; altera_irq_mapper                                             ; --                 ; nios_system_irq_mapper          ; --         ;
; IP_TOOL_NAME                        ; altera_merlin_demultiplexer                                   ; --                 ; nios_system_rsp_xbar_demux      ; --         ;
; IP_TOOL_NAME                        ; altera_merlin_demultiplexer                                   ; --                 ; nios_system_rsp_xbar_demux_001  ; --         ;
; IP_TOOL_NAME                        ; altera_merlin_multiplexer                                     ; --                 ; nios_system_rsp_xbar_mux        ; --         ;
; IP_TOOL_NAME                        ; altera_merlin_multiplexer                                     ; --                 ; nios_system_rsp_xbar_mux_001    ; --         ;
; IP_TOOL_NAME                        ; altera_avalon_new_sdram_controller                            ; --                 ; nios_system_sdram               ; --         ;
; IP_TOOL_VERSION                     ; 8.0                                                           ; --                 ; --                              ; --         ;
; IP_TOOL_VERSION                     ; 13.0                                                          ; --                 ; altera_avalon_sc_fifo           ; --         ;
; IP_TOOL_VERSION                     ; 13.0                                                          ; --                 ; altera_merlin_burst_adapter     ; --         ;
; IP_TOOL_VERSION                     ; 13.0                                                          ; --                 ; altera_merlin_master_agent      ; --         ;
; IP_TOOL_VERSION                     ; 13.0                                                          ; --                 ; altera_merlin_master_translator ; --         ;
; IP_TOOL_VERSION                     ; 13.0                                                          ; --                 ; altera_merlin_slave_agent       ; --         ;
; IP_TOOL_VERSION                     ; 13.0                                                          ; --                 ; altera_merlin_slave_translator  ; --         ;
; IP_TOOL_VERSION                     ; 13.0                                                          ; --                 ; altera_merlin_width_adapter     ; --         ;
; IP_TOOL_VERSION                     ; 13.0                                                          ; --                 ; altera_reset_controller         ; --         ;
; IP_TOOL_VERSION                     ; 13.0sp1                                                       ; --                 ; nios_system                     ; --         ;
; IP_TOOL_VERSION                     ; 13.0.1.99.2                                                   ; --                 ; nios_system_Interval_timer      ; --         ;
; IP_TOOL_VERSION                     ; 13.0.1.99.2                                                   ; --                 ; nios_system_JTAG_UART           ; --         ;
; IP_TOOL_VERSION                     ; 13.0.1.99.2                                                   ; --                 ; nios_system_Onchip_memory       ; --         ;
; IP_TOOL_VERSION                     ; 13.0                                                          ; --                 ; nios_system_addr_router         ; --         ;
; IP_TOOL_VERSION                     ; 13.0                                                          ; --                 ; nios_system_addr_router_001     ; --         ;
; IP_TOOL_VERSION                     ; 13.0                                                          ; --                 ; nios_system_cmd_xbar_demux      ; --         ;
; IP_TOOL_VERSION                     ; 13.0                                                          ; --                 ; nios_system_cmd_xbar_demux_001  ; --         ;
; IP_TOOL_VERSION                     ; 13.0                                                          ; --                 ; nios_system_cmd_xbar_mux        ; --         ;
; IP_TOOL_VERSION                     ; 13.0                                                          ; --                 ; nios_system_cpu                 ; --         ;
; IP_TOOL_VERSION                     ; 13.0                                                          ; --                 ; nios_system_id_router           ; --         ;
; IP_TOOL_VERSION                     ; 13.0                                                          ; --                 ; nios_system_id_router_001       ; --         ;
; IP_TOOL_VERSION                     ; 13.0                                                          ; --                 ; nios_system_id_router_002       ; --         ;
; IP_TOOL_VERSION                     ; 13.0                                                          ; --                 ; nios_system_id_router_004       ; --         ;
; IP_TOOL_VERSION                     ; 13.0                                                          ; --                 ; nios_system_id_router_015       ; --         ;
; IP_TOOL_VERSION                     ; 13.0                                                          ; --                 ; nios_system_irq_mapper          ; --         ;
; IP_TOOL_VERSION                     ; 13.0                                                          ; --                 ; nios_system_rsp_xbar_demux      ; --         ;
; IP_TOOL_VERSION                     ; 13.0                                                          ; --                 ; nios_system_rsp_xbar_demux_001  ; --         ;
; IP_TOOL_VERSION                     ; 13.0                                                          ; --                 ; nios_system_rsp_xbar_mux        ; --         ;
; IP_TOOL_VERSION                     ; 13.0                                                          ; --                 ; nios_system_rsp_xbar_mux_001    ; --         ;
; IP_TOOL_VERSION                     ; 13.0.1.99.2                                                   ; --                 ; nios_system_sdram               ; --         ;
; MAX_CORE_JUNCTION_TEMP              ; 85                                                            ; --                 ; --                              ; --         ;
; MIN_CORE_JUNCTION_TEMP              ; 0                                                             ; --                 ; --                              ; --         ;
; MISC_FILE                           ; nios_system/synthesis/../../nios_system.cmp                   ; --                 ; --                              ; --         ;
; MISC_FILE                           ; nios_system/synthesis/../../nios_system.qsys                  ; --                 ; --                              ; --         ;
; MISC_FILE                           ; sdram_pll.ppf                                                 ; --                 ; --                              ; --         ;
; PARTITION_COLOR                     ; 2147039                                                       ; --                 ; component_tutorial              ; Top        ;
; PARTITION_FITTER_PRESERVATION_LEVEL ; PLACEMENT_AND_ROUTING                                         ; --                 ; component_tutorial              ; Top        ;
; PARTITION_NETLIST_TYPE              ; SOURCE                                                        ; --                 ; component_tutorial              ; Top        ;
; POWER_BOARD_THERMAL_MODEL           ; None (CONSERVATIVE)                                           ; --                 ; --                              ; --         ;
; POWER_PRESET_COOLING_SOLUTION       ; 23 MM HEAT SINK WITH 200 LFPM AIRFLOW                         ; --                 ; --                              ; --         ;
; SLD_INFO                            ; QSYS_NAME nios_system HAS_SOPCINFO 1 GENERATION_ID 1778578505 ; --                 ; nios_system                     ; --         ;
; SOPCINFO_FILE                       ; nios_system/synthesis/../../nios_system.sopcinfo              ; --                 ; --                              ; --         ;
; SYNTHESIS_ONLY_QIP                  ; On                                                            ; --                 ; --                              ; --         ;
; TOP_LEVEL_ENTITY                    ; component_tutorial                                            ; DE1_Basic_Computer ; --                              ; --         ;
+-------------------------------------+---------------------------------------------------------------+--------------------+---------------------------------+------------+


+-------------------------------------------------------------------------------------------------------------------------------+
; Flow Elapsed Time                                                                                                             ;
+---------------------------+--------------+-------------------------+---------------------+------------------------------------+
; Module Name               ; Elapsed Time ; Average Processors Used ; Peak Virtual Memory ; Total CPU Time (on all processors) ;
+---------------------------+--------------+-------------------------+---------------------+------------------------------------+
; Analysis & Synthesis      ; 00:00:20     ; 1.0                     ; 520 MB              ; 00:00:09                           ;
; Fitter                    ; 00:00:20     ; 2.8                     ; 793 MB              ; 00:00:16                           ;
; Assembler                 ; 00:00:10     ; 1.0                     ; 415 MB              ; 00:00:01                           ;
; TimeQuest Timing Analyzer ; 00:00:10     ; 1.0                     ; 424 MB              ; 00:00:01                           ;
; Total                     ; 00:01:00     ; --                      ; --                  ; 00:00:27                           ;
+---------------------------+--------------+-------------------------+---------------------+------------------------------------+


+----------------------------------------------------------------------------------------+
; Flow OS Summary                                                                        ;
+---------------------------+------------------+-----------+------------+----------------+
; Module Name               ; Machine Hostname ; OS Name   ; OS Version ; Processor type ;
+---------------------------+------------------+-----------+------------+----------------+
; Analysis & Synthesis      ; a-013852         ; Windows 7 ; 6.2        ; x86_64         ;
; Fitter                    ; a-013852         ; Windows 7 ; 6.2        ; x86_64         ;
; Assembler                 ; a-013852         ; Windows 7 ; 6.2        ; x86_64         ;
; TimeQuest Timing Analyzer ; a-013852         ; Windows 7 ; 6.2        ; x86_64         ;
+---------------------------+------------------+-----------+------------+----------------+


------------
; Flow Log ;
------------
quartus_map --read_settings_files=on --write_settings_files=off DE1_Basic_Computer -c DE1_Basic_Computer
quartus_fit --read_settings_files=off --write_settings_files=off DE1_Basic_Computer -c DE1_Basic_Computer
quartus_asm --read_settings_files=off --write_settings_files=off DE1_Basic_Computer -c DE1_Basic_Computer
quartus_sta DE1_Basic_Computer -c DE1_Basic_Computer



