Flow report for TOP_LEVEL
Thu Apr 02 22:33:54 2026
Quartus II 64-Bit Version 13.0.1 Build 232 06/12/2013 Service Pack 1 SJ Web Edition


---------------------
; Table of Contents ;
---------------------
  1. Legal Notice
  2. Flow Summary
  3. Flow Settings
  4. Flow Non-Default Global Settings
  5. Flow Elapsed Time
  6. Flow OS Summary
  7. Flow Log
  8. Flow Messages
  9. Flow Suppressed Messages



----------------
; Legal Notice ;
----------------
Copyright (C) 1991-2013 Altera Corporation
Your use of Altera Corporation's design tools, logic functions 
and other software and tools, and its AMPP partner logic 
functions, and any output files from any of the foregoing 
(including device programming or simulation files), and any 
associated documentation or information are expressly subject 
to the terms and conditions of the Altera Program License 
Subscription Agreement, Altera MegaCore Function License 
Agreement, or other applicable license agreement, including, 
without limitation, that your use is for the sole purpose of 
programming logic devices manufactured by Altera and sold by 
Altera or its authorized distributors.  Please refer to the 
applicable agreement for further details.



+--------------------------------------------------------------------------------------+
; Flow Summary                                                                         ;
+------------------------------------+-------------------------------------------------+
; Flow Status                        ; Successful - Thu Apr 02 22:33:51 2026           ;
; Quartus II 64-Bit Version          ; 13.0.1 Build 232 06/12/2013 SP 1 SJ Web Edition ;
; Revision Name                      ; TOP_LEVEL                                       ;
; Top-level Entity Name              ; TOP_LEVEL                                       ;
; Family                             ; Cyclone IV E                                    ;
; Device                             ; EP4CE22F17C6                                    ;
; Timing Models                      ; Final                                           ;
; Total logic elements               ; 2,801 / 22,320 ( 13 % )                         ;
;     Total combinational functions  ; 2,524 / 22,320 ( 11 % )                         ;
;     Dedicated logic registers      ; 1,671 / 22,320 ( 7 % )                          ;
; Total registers                    ; 1740                                            ;
; Total pins                         ; 60 / 154 ( 39 % )                               ;
; Total virtual pins                 ; 0                                               ;
; Total memory bits                  ; 142,336 / 608,256 ( 23 % )                      ;
; Embedded Multiplier 9-bit elements ; 0 / 132 ( 0 % )                                 ;
; Total PLLs                         ; 2 / 4 ( 50 % )                                  ;
+------------------------------------+-------------------------------------------------+


+-----------------------------------------+
; Flow Settings                           ;
+-------------------+---------------------+
; Option            ; Setting             ;
+-------------------+---------------------+
; Start date & time ; 04/02/2026 22:33:14 ;
; Main task         ; Compilation         ;
; Revision Name     ; TOP_LEVEL           ;
+-------------------+---------------------+


+------------------------------------------------------------------------------------------------------------------------+
; Flow Non-Default Global Settings                                                                                       ;
+-------------------------------------+--------------------------------+---------------+--------------------+------------+
; Assignment Name                     ; Value                          ; Default Value ; Entity Name        ; Section Id ;
+-------------------------------------+--------------------------------+---------------+--------------------+------------+
; COMPILER_SIGNATURE_ID               ; 10995770589192.177516199415516 ; --            ; --                 ; --         ;
; MAX_CORE_JUNCTION_TEMP              ; 85                             ; --            ; --                 ; --         ;
; MIN_CORE_JUNCTION_TEMP              ; 0                              ; --            ; --                 ; --         ;
; PARTITION_COLOR                     ; 16764057                       ; --            ; DE0_NANO_SMART_CAR ; Top        ;
; PARTITION_COLOR                     ; 16764057                       ; --            ; --                 ; Top        ;
; PARTITION_FITTER_PRESERVATION_LEVEL ; PLACEMENT_AND_ROUTING          ; --            ; DE0_NANO_SMART_CAR ; Top        ;
; PARTITION_FITTER_PRESERVATION_LEVEL ; PLACEMENT_AND_ROUTING          ; --            ; --                 ; Top        ;
; PARTITION_NETLIST_TYPE              ; SOURCE                         ; --            ; DE0_NANO_SMART_CAR ; Top        ;
; PARTITION_NETLIST_TYPE              ; SOURCE                         ; --            ; --                 ; Top        ;
+-------------------------------------+--------------------------------+---------------+--------------------+------------+


+-------------------------------------------------------------------------------------------------------------------------------+
; Flow Elapsed Time                                                                                                             ;
+---------------------------+--------------+-------------------------+---------------------+------------------------------------+
; Module Name               ; Elapsed Time ; Average Processors Used ; Peak Virtual Memory ; Total CPU Time (on all processors) ;
+---------------------------+--------------+-------------------------+---------------------+------------------------------------+
; Analysis & Synthesis      ; 00:00:21     ; 1.0                     ; 4751 MB             ; 00:00:20                           ;
; Fitter                    ; 00:00:11     ; 1.0                     ; 4981 MB             ; 00:00:11                           ;
; Assembler                 ; 00:00:01     ; 1.0                     ; 4570 MB             ; 00:00:01                           ;
; TimeQuest Timing Analyzer ; 00:00:02     ; 1.0                     ; 4682 MB             ; 00:00:03                           ;
; Total                     ; 00:00:35     ; --                      ; --                  ; 00:00:35                           ;
+---------------------------+--------------+-------------------------+---------------------+------------------------------------+


+----------------------------------------------------------------------------------------+
; Flow OS Summary                                                                        ;
+---------------------------+------------------+-----------+------------+----------------+
; Module Name               ; Machine Hostname ; OS Name   ; OS Version ; Processor type ;
+---------------------------+------------------+-----------+------------+----------------+
; Analysis & Synthesis      ; Mohamed-Cherif   ; Windows 7 ; 6.2        ; x86_64         ;
; Fitter                    ; Mohamed-Cherif   ; Windows 7 ; 6.2        ; x86_64         ;
; Assembler                 ; Mohamed-Cherif   ; Windows 7 ; 6.2        ; x86_64         ;
; TimeQuest Timing Analyzer ; Mohamed-Cherif   ; Windows 7 ; 6.2        ; x86_64         ;
+---------------------------+------------------+-----------+------------+----------------+


------------
; Flow Log ;
------------
quartus_map --read_settings_files=on --write_settings_files=off projet_robot -c TOP_LEVEL
quartus_fit --read_settings_files=off --write_settings_files=off projet_robot -c TOP_LEVEL
quartus_asm --read_settings_files=off --write_settings_files=off projet_robot -c TOP_LEVEL
quartus_sta projet_robot -c TOP_LEVEL



